// Jest Snapshot v1, https://goo.gl/fbAQLP

exports[`renders correctly 1`] = `
<RCTScrollView>
  <View>
    <View
      style={
        Object {
          "backgroundColor": "#673ab7",
          "flexDirection": "row",
          "justifyContent": "space-around",
          "marginTop": 20,
          "padding": 16,
        }
      }
    >
      <Text
        accessible={true}
        allowFontScaling={true}
        ellipsizeMode="tail"
        style={
          Object {
            "color": "#fff",
            "fontSize": 18,
            "fontWeight": "200",
            "margin": 8,
          }
        }
      >
        React Native Web Boilerplate
      </Text>
    </View>
  </View>
</RCTScrollView>
`;
